[  1%] Built target hmic_core
[ 41%] Built target lvgl
[ 42%] Building C object CMakeFiles/hmic_app.dir/app/dm_binder.c.o
[ 42%] Building C object CMakeFiles/hmic_app.dir/app/ui/ui_pages.c.o
[ 42%] Linking C static library libhmic_app.a
[ 42%] Built target hmic_app
[ 42%] Building CXX object _deps/lvgl-build/CMakeFiles/lvgl_thorvg.dir/src/libs/thorvg/tvgAnimation.cpp.o
[ 43%] Building CXX object _deps/lvgl-build/CMakeFiles/lvgl_thorvg.dir/src/libs/thorvg/tvgBezier.cpp.o
[ 43%] Building CXX object _deps/lvgl-build/CMakeFiles/lvgl_thorvg.dir/src/libs/thorvg/tvgCanvas.cpp.o
[ 43%] Building CXX object _deps/lvgl-build/CMakeFiles/lvgl_thorvg.dir/src/libs/thorvg/tvgCapi.cpp.o
[ 43%] Building CXX object _deps/lvgl-build/CMakeFiles/lvgl_thorvg.dir/src/libs/thorvg/tvgCompressor.cpp.o
[ 43%] Building CXX object _deps/lvgl-build/CMakeFiles/lvgl_thorvg.dir/src/libs/thorvg/tvgFill.cpp.o
[ 43%] Building CXX object _deps/lvgl-build/CMakeFiles/lvgl_thorvg.dir/src/libs/thorvg/tvgInitializer.cpp.o
[ 43%] Building CXX object _deps/lvgl-build/CMakeFiles/lvgl_thorvg.dir/src/libs/thorvg/tvgLoader.cpp.o
[ 43%] Building CXX object _deps/lvgl-build/CMakeFiles/lvgl_thorvg.dir/src/libs/thorvg/tvgMath.cpp.o
[ 44%] Building CXX object _deps/lvgl-build/CMakeFiles/lvgl_thorvg.dir/src/libs/thorvg/tvgPaint.cpp.o
[ 44%] Building CXX object _deps/lvgl-build/CMakeFiles/lvgl_thorvg.dir/src/libs/thorvg/tvgPicture.cpp.o
[ 44%] Building CXX object _deps/lvgl-build/CMakeFiles/lvgl_thorvg.dir/src/libs/thorvg/tvgRawLoader.cpp.o
[ 44%] Building CXX object _deps/lvgl-build/CMakeFiles/lvgl_thorvg.dir/src/libs/thorvg/tvgRender.cpp.o
[ 44%] Building CXX object _deps/lvgl-build/CMakeFiles/lvgl_thorvg.dir/src/libs/thorvg/tvgSaver.cpp.o
[ 44%] Building CXX object _deps/lvgl-build/CMakeFiles/lvgl_thorvg.dir/src/libs/thorvg/tvgScene.cpp.o
[ 44%] Building CXX object _deps/lvgl-build/CMakeFiles/lvgl_thorvg.dir/src/libs/thorvg/tvgShape.cpp.o
[ 45%] Building CXX object _deps/lvgl-build/CMakeFiles/lvgl_thorvg.dir/src/libs/thorvg/tvgStr.cpp.o
[ 45%] Building CXX object _deps/lvgl-build/CMakeFiles/lvgl_thorvg.dir/src/libs/thorvg/tvgSvgCssStyle.cpp.o
[ 45%] Building CXX object _deps/lvgl-build/CMakeFiles/lvgl_thorvg.dir/src/libs/thorvg/tvgSvgLoader.cpp.o
[ 45%] Building CXX object _deps/lvgl-build/CMakeFiles/lvgl_thorvg.dir/src/libs/thorvg/tvgSvgPath.cpp.o
[ 45%] Building CXX object _deps/lvgl-build/CMakeFiles/lvgl_thorvg.dir/src/libs/thorvg/tvgSvgSceneBuilder.cpp.o
[ 45%] Building CXX object _deps/lvgl-build/CMakeFiles/lvgl_thorvg.dir/src/libs/thorvg/tvgSvgUtil.cpp.o
[ 45%] Building CXX object _deps/lvgl-build/CMakeFiles/lvgl_thorvg.dir/src/libs/thorvg/tvgSwCanvas.cpp.o
[ 46%] Building CXX object _deps/lvgl-build/CMakeFiles/lvgl_thorvg.dir/src/libs/thorvg/tvgSwFill.cpp.o
[ 46%] Building CXX object _deps/lvgl-build/CMakeFiles/lvgl_thorvg.dir/src/libs/thorvg/tvgSwImage.cpp.o
[ 46%] Building CXX object _deps/lvgl-build/CMakeFiles/lvgl_thorvg.dir/src/libs/thorvg/tvgSwMath.cpp.o
[ 46%] Building CXX object _deps/lvgl-build/CMakeFiles/lvgl_thorvg.dir/src/libs/thorvg/tvgSwMemPool.cpp.o
[ 46%] Building CXX object _deps/lvgl-build/CMakeFiles/lvgl_thorvg.dir/src/libs/thorvg/tvgSwRaster.cpp.o
[ 46%] Building CXX object _deps/lvgl-build/CMakeFiles/lvgl_thorvg.dir/src/libs/thorvg/tvgSwRenderer.cpp.o
[ 46%] Building CXX object _deps/lvgl-build/CMakeFiles/lvgl_thorvg.dir/src/libs/thorvg/tvgSwRle.cpp.o
[ 47%] Building CXX object _deps/lvgl-build/CMakeFiles/lvgl_thorvg.dir/src/libs/thorvg/tvgSwShape.cpp.o
[ 47%] Building CXX object _deps/lvgl-build/CMakeFiles/lvgl_thorvg.dir/src/libs/thorvg/tvgSwStroke.cpp.o
[ 47%] Building CXX object _deps/lvgl-build/CMakeFiles/lvgl_thorvg.dir/src/libs/thorvg/tvgTaskScheduler.cpp.o
[ 47%] Building CXX object _deps/lvgl-build/CMakeFiles/lvgl_thorvg.dir/src/libs/thorvg/tvgXmlParser.cpp.o
[ 47%] Building CXX object _deps/lvgl-build/CMakeFiles/lvgl_thorvg.dir/src/others/vg_lite_tvg/vg_lite_tvg.cpp.o
[ 47%] Linking CXX static library ../../lib/liblvgl_thorvg.a
[ 47%] Built target lvgl_thorvg
[ 47%] Building C object _deps/lvgl-build/CMakeFiles/lvgl_examples.dir/examples/anim/lv_example_anim_1.c.o
[ 48%] Building C object _deps/lvgl-build/CMakeFiles/lvgl_examples.dir/examples/anim/lv_example_anim_2.c.o
[ 48%] Building C object _deps/lvgl-build/CMakeFiles/lvgl_examples.dir/examples/anim/lv_example_anim_3.c.o
[ 48%] Building C object _deps/lvgl-build/CMakeFiles/lvgl_examples.dir/examples/anim/lv_example_anim_timeline_1.c.o
[ 48%] Building C object _deps/lvgl-build/CMakeFiles/lvgl_examples.dir/examples/assets/animimg001.c.o
[ 48%] Building C object _deps/lvgl-build/CMakeFiles/lvgl_examples.dir/examples/assets/animimg002.c.o
[ 48%] Building C object _deps/lvgl-build/CMakeFiles/lvgl_examples.dir/examples/assets/animimg003.c.o
[ 48%] Building C object _deps/lvgl-build/CMakeFiles/lvgl_examples.dir/examples/assets/emoji/img_emoji_F617.c.o
[ 50%] Building C object _deps/lvgl-build/CMakeFiles/lvgl_examples.dir/examples/assets/img_caret_down.c.o
[ 50%] Building C object _deps/lvgl-build/CMakeFiles/lvgl_examples.dir/examples/assets/img_cogwheel_argb.c.o
[ 50%] Building C object _deps/lvgl-build/CMakeFiles/lvgl_examples.dir/examples/assets/img_cogwheel_indexed16.c.o
[ 50%] Building C object _deps/lvgl-build/CMakeFiles/lvgl_examples.dir/examples/assets/img_cogwheel_rgb.c.o
[ 50%] Building C object _deps/lvgl-build/CMakeFiles/lvgl_examples.dir/examples/assets/img_hand.c.o
[ 50%] Building C object _deps/lvgl-build/CMakeFiles/lvgl_examples.dir/examples/assets/img_skew_strip.c.o
[ 50%] Building C object _deps/lvgl-build/CMakeFiles/lvgl_examples.dir/examples/assets/img_star.c.o
[ 50%] Building C object _deps/lvgl-build/CMakeFiles/lvgl_examples.dir/examples/assets/imgbtn_left.c.o
[ 51%] Building C object _deps/lvgl-build/CMakeFiles/lvgl_examples.dir/examples/assets/imgbtn_mid.c.o
[ 51%] Building C object _deps/lvgl-build/CMakeFiles/lvgl_examples.dir/examples/assets/imgbtn_right.c.o
[ 51%] Building C object _deps/lvgl-build/CMakeFiles/lvgl_examples.dir/examples/event/lv_example_event_1.c.o
[ 51%] Building C object _deps/lvgl-build/CMakeFiles/lvgl_examples.dir/examples/event/lv_example_event_2.c.o
[ 51%] Building C object _deps/lvgl-build/CMakeFiles/lvgl_examples.dir/examples/event/lv_example_event_3.c.o
[ 51%] Building C object _deps/lvgl-build/CMakeFiles/lvgl_examples.dir/examples/event/lv_example_event_4.c.o
[ 51%] Building C object _deps/lvgl-build/CMakeFiles/lvgl_examples.dir/examples/get_started/lv_example_get_started_1.c.o
[ 52%] Building C object _deps/lvgl-build/CMakeFiles/lvgl_examples.dir/examples/get_started/lv_example_get_started_2.c.o
[ 52%] Building C object _deps/lvgl-build/CMakeFiles/lvgl_examples.dir/examples/get_started/lv_example_get_started_3.c.o
[ 52%] Building C object _deps/lvgl-build/CMakeFiles/lvgl_examples.dir/examples/get_started/lv_example_get_started_4.c.o
[ 52%] Building C object _deps/lvgl-build/CMakeFiles/lvgl_examples.dir/examples/layouts/flex/lv_example_flex_1.c.o
[ 52%] Building C object _deps/lvgl-build/CMakeFiles/lvgl_examples.dir/examples/layouts/flex/lv_example_flex_2.c.o
[ 52%] Building C object _deps/lvgl-build/CMakeFiles/lvgl_examples.dir/examples/layouts/flex/lv_example_flex_3.c.o
[ 52%] Building C object _deps/lvgl-build/CMakeFiles/lvgl_examples.dir/examples/layouts/flex/lv_example_flex_4.c.o
[ 53%] Building C object _deps/lvgl-build/CMakeFiles/lvgl_examples.dir/examples/layouts/flex/lv_example_flex_5.c.o
[ 53%] Building C object _deps/lvgl-build/CMakeFiles/lvgl_examples.dir/examples/layouts/flex/lv_example_flex_6.c.o
[ 53%] Building C object _deps/lvgl-build/CMakeFiles/lvgl_examples.dir/examples/layouts/grid/lv_example_grid_1.c.o
[ 53%] Building C object _deps/lvgl-build/CMakeFiles/lvgl_examples.dir/examples/layouts/grid/lv_example_grid_2.c.o
[ 53%] Building C object _deps/lvgl-build/CMakeFiles/lvgl_examples.dir/examples/layouts/grid/lv_example_grid_3.c.o
[ 53%] Building C object _deps/lvgl-build/CMakeFiles/lvgl_examples.dir/examples/layouts/grid/lv_example_grid_4.c.o
[ 53%] Building C object _deps/lvgl-build/CMakeFiles/lvgl_examples.dir/examples/layouts/grid/lv_example_grid_5.c.o
[ 54%] Building C object _deps/lvgl-build/CMakeFiles/lvgl_examples.dir/examples/layouts/grid/lv_example_grid_6.c.o
[ 54%] Building C object _deps/lvgl-build/CMakeFiles/lvgl_examples.dir/examples/libs/barcode/lv_example_barcode_1.c.o
[ 54%] Building C object _deps/lvgl-build/CMakeFiles/lvgl_examples.dir/examples/libs/bmp/lv_example_bmp_1.c.o
[ 54%] Building C object _deps/lvgl-build/CMakeFiles/lvgl_examples.dir/examples/libs/ffmpeg/lv_example_ffmpeg_1.c.o
[ 54%] Building C object _deps/lvgl-build/CMakeFiles/lvgl_examples.dir/examples/libs/ffmpeg/lv_example_ffmpeg_2.c.o
[ 54%] Building C object _deps/lvgl-build/CMakeFiles/lvgl_examples.dir/examples/libs/freetype/lv_example_freetype_1.c.o
[ 54%] Building C object _deps/lvgl-build/CMakeFiles/lvgl_examples.dir/examples/libs/gif/img_bulb_gif.c.o
[ 55%] Building C object _deps/lvgl-build/CMakeFiles/lvgl_examples.dir/examples/libs/gif/lv_example_gif_1.c.o
[ 55%] Building C object _deps/lvgl-build/CMakeFiles/lvgl_examples.dir/examples/libs/libjpeg_turbo/lv_example_libjpeg_turbo_1.c.o
[ 55%] Building C object _deps/lvgl-build/CMakeFiles/lvgl_examples.dir/examples/libs/libpng/lv_example_libpng_1.c.o
[ 55%] Building C object _deps/lvgl-build/CMakeFiles/lvgl_examples.dir/examples/libs/lodepng/img_wink_png.c.o
[ 55%] Building C object _deps/lvgl-build/CMakeFiles/lvgl_examples.dir/examples/libs/lodepng/lv_example_lodepng_1.c.o
[ 55%] Building C object _deps/lvgl-build/CMakeFiles/lvgl_examples.dir/examples/libs/qrcode/lv_example_qrcode_1.c.o
[ 55%] Building C object _deps/lvgl-build/CMakeFiles/lvgl_examples.dir/examples/libs/rlottie/lv_example_rlottie_1.c.o
[ 55%] Building C object _deps/lvgl-build/CMakeFiles/lvgl_examples.dir/examples/libs/rlottie/lv_example_rlottie_2.c.o
[ 56%] Building C object _deps/lvgl-build/CMakeFiles/lvgl_examples.dir/examples/libs/rlottie/lv_example_rlottie_approve.c.o
[ 56%] Building C object _deps/lvgl-build/CMakeFiles/lvgl_examples.dir/examples/libs/tiny_ttf/lv_example_tiny_ttf_1.c.o
[ 56%] Building C object _deps/lvgl-build/CMakeFiles/lvgl_examples.dir/examples/libs/tiny_ttf/lv_example_tiny_ttf_2.c.o
[ 56%] Building C object _deps/lvgl-build/CMakeFiles/lvgl_examples.dir/examples/libs/tiny_ttf/lv_example_tiny_ttf_3.c.o
[ 56%] Building C object _deps/lvgl-build/CMakeFiles/lvgl_examples.dir/examples/libs/tiny_ttf/ubuntu_font.c.o
[ 56%] Building C object _deps/lvgl-build/CMakeFiles/lvgl_examples.dir/examples/libs/tjpgd/lv_example_tjpgd_1.c.o
[ 56%] Building C object _deps/lvgl-build/CMakeFiles/lvgl_examples.dir/examples/others/file_explorer/lv_example_file_explorer_1.c.o
[ 57%] Building C object _deps/lvgl-build/CMakeFiles/lvgl_examples.dir/examples/others/file_explorer/lv_example_file_explorer_2.c.o
[ 57%] Building C object _deps/lvgl-build/CMakeFiles/lvgl_examples.dir/examples/others/file_explorer/lv_example_file_explorer_3.c.o
[ 57%] Building C object _deps/lvgl-build/CMakeFiles/lvgl_examples.dir/examples/others/fragment/lv_example_fragment_1.c.o
[ 57%] Building C object _deps/lvgl-build/CMakeFiles/lvgl_examples.dir/examples/others/fragment/lv_example_fragment_2.c.o
[ 57%] Building C object _deps/lvgl-build/CMakeFiles/lvgl_examples.dir/examples/others/gridnav/lv_example_gridnav_1.c.o
[ 57%] Building C object _deps/lvgl-build/CMakeFiles/lvgl_examples.dir/examples/others/gridnav/lv_example_gridnav_2.c.o
[ 57%] Building C object _deps/lvgl-build/CMakeFiles/lvgl_examples.dir/examples/others/gridnav/lv_example_gridnav_3.c.o
[ 58%] Building C object _deps/lvgl-build/CMakeFiles/lvgl_examples.dir/examples/others/gridnav/lv_example_gridnav_4.c.o
[ 58%] Building C object _deps/lvgl-build/CMakeFiles/lvgl_examples.dir/examples/others/ime/lv_example_ime_pinyin_1.c.o
[ 58%] Building C object _deps/lvgl-build/CMakeFiles/lvgl_examples.dir/examples/others/ime/lv_example_ime_pinyin_2.c.o
[ 58%] Building C object _deps/lvgl-build/CMakeFiles/lvgl_examples.dir/examples/others/imgfont/lv_example_imgfont_1.c.o
[ 58%] Building C object _deps/lvgl-build/CMakeFiles/lvgl_examples.dir/examples/others/monkey/lv_example_monkey_1.c.o
[ 58%] Building C object _deps/lvgl-build/CMakeFiles/lvgl_examples.dir/examples/others/monkey/lv_example_monkey_2.c.o
[ 58%] Building C object _deps/lvgl-build/CMakeFiles/lvgl_examples.dir/examples/others/monkey/lv_example_monkey_3.c.o
[ 59%] Building C object _deps/lvgl-build/CMakeFiles/lvgl_examples.dir/examples/others/observer/lv_example_observer_1.c.o
[ 59%] Building C object _deps/lvgl-build/CMakeFiles/lvgl_examples.dir/examples/others/observer/lv_example_observer_2.c.o
[ 59%] Building C object _deps/lvgl-build/CMakeFiles/lvgl_examples.dir/examples/others/observer/lv_example_observer_3.c.o
[ 59%] Building C object _deps/lvgl-build/CMakeFiles/lvgl_examples.dir/examples/others/observer/lv_example_observer_4.c.o
[ 59%] Building C object _deps/lvgl-build/CMakeFiles/lvgl_examples.dir/examples/others/observer/lv_example_observer_5.c.o
[ 59%] Building C object _deps/lvgl-build/CMakeFiles/lvgl_examples.dir/examples/others/observer/lv_example_observer_6.c.o
[ 59%] Building C object _deps/lvgl-build/CMakeFiles/lvgl_examples.dir/examples/others/observer/lv_example_observer_7.c.o
[ 60%] Building C object _deps/lvgl-build/CMakeFiles/lvgl_examples.dir/examples/others/snapshot/lv_example_snapshot_1.c.o
[ 60%] Building C object _deps/lvgl-build/CMakeFiles/lvgl_examples.dir/examples/porting/lv_port_disp_template.c.o
[ 60%] Building C object _deps/lvgl-build/CMakeFiles/lvgl_examples.dir/examples/porting/lv_port_fs_template.c.o
[ 60%] Building C object _deps/lvgl-build/CMakeFiles/lvgl_examples.dir/examples/porting/lv_port_indev_template.c.o
[ 60%] Building C object _deps/lvgl-build/CMakeFiles/lvgl_examples.dir/examples/porting/lv_port_lcd_stm32_template.c.o
[ 60%] Building C object _deps/lvgl-build/CMakeFiles/lvgl_examples.dir/examples/scroll/lv_example_scroll_1.c.o
[ 60%] Building C object _deps/lvgl-build/CMakeFiles/lvgl_examples.dir/examples/scroll/lv_example_scroll_2.c.o
[ 60%] Building C object _deps/lvgl-build/CMakeFiles/lvgl_examples.dir/examples/scroll/lv_example_scroll_3.c.o
[ 61%] Building C object _deps/lvgl-build/CMakeFiles/lvgl_examples.dir/examples/scroll/lv_example_scroll_4.c.o
[ 61%] Building C object _deps/lvgl-build/CMakeFiles/lvgl_examples.dir/examples/scroll/lv_example_scroll_5.c.o
[ 61%] Building C object _deps/lvgl-build/CMakeFiles/lvgl_examples.dir/examples/scroll/lv_example_scroll_6.c.o
[ 61%] Building C object _deps/lvgl-build/CMakeFiles/lvgl_examples.dir/examples/styles/lv_example_style_1.c.o
[ 61%] Building C object _deps/lvgl-build/CMakeFiles/lvgl_examples.dir/examples/styles/lv_example_style_10.c.o
[ 61%] Building C object _deps/lvgl-build/CMakeFiles/lvgl_examples.dir/examples/styles/lv_example_style_11.c.o
[ 61%] Building C object _deps/lvgl-build/CMakeFiles/lvgl_examples.dir/examples/styles/lv_example_style_12.c.o
[ 62%] Building C object _deps/lvgl-build/CMakeFiles/lvgl_examples.dir/examples/styles/lv_example_style_13.c.o
[ 62%] Building C object _deps/lvgl-build/CMakeFiles/lvgl_examples.dir/examples/styles/lv_example_style_14.c.o
[ 62%] Building C object _deps/lvgl-build/CMakeFiles/lvgl_examples.dir/examples/styles/lv_example_style_15.c.o
[ 62%] Building C object _deps/lvgl-build/CMakeFiles/lvgl_examples.dir/examples/styles/lv_example_style_2.c.o
[ 62%] Building C object _deps/lvgl-build/CMakeFiles/lvgl_examples.dir/examples/styles/lv_example_style_3.c.o
[ 62%] Building C object _deps/lvgl-build/CMakeFiles/lvgl_examples.dir/examples/styles/lv_example_style_4.c.o
[ 62%] Building C object _deps/lvgl-build/CMakeFiles/lvgl_examples.dir/examples/styles/lv_example_style_5.c.o
[ 63%] Building C object _deps/lvgl-build/CMakeFiles/lvgl_examples.dir/examples/styles/lv_example_style_6.c.o
[ 63%] Building C object _deps/lvgl-build/CMakeFiles/lvgl_examples.dir/examples/styles/lv_example_style_7.c.o
[ 63%] Building C object _deps/lvgl-build/CMakeFiles/lvgl_examples.dir/examples/styles/lv_example_style_8.c.o
[ 63%] Building C object _deps/lvgl-build/CMakeFiles/lvgl_examples.dir/examples/styles/lv_example_style_9.c.o
[ 63%] Building C object _deps/lvgl-build/CMakeFiles/lvgl_examples.dir/examples/widgets/animimg/lv_example_animimg_1.c.o
[ 63%] Building C object _deps/lvgl-build/CMakeFiles/lvgl_examples.dir/examples/widgets/arc/lv_example_arc_1.c.o
[ 63%] Building C object _deps/lvgl-build/CMakeFiles/lvgl_examples.dir/examples/widgets/arc/lv_example_arc_2.c.o
[ 64%] Building C object _deps/lvgl-build/CMakeFiles/lvgl_examples.dir/examples/widgets/bar/lv_example_bar_1.c.o
[ 64%] Building C object _deps/lvgl-build/CMakeFiles/lvgl_examples.dir/examples/widgets/bar/lv_example_bar_2.c.o
[ 64%] Building C object _deps/lvgl-build/CMakeFiles/lvgl_examples.dir/examples/widgets/bar/lv_example_bar_3.c.o
[ 64%] Building C object _deps/lvgl-build/CMakeFiles/lvgl_examples.dir/examples/widgets/bar/lv_example_bar_4.c.o
[ 64%] Building C object _deps/lvgl-build/CMakeFiles/lvgl_examples.dir/examples/widgets/bar/lv_example_bar_5.c.o
[ 64%] Building C object _deps/lvgl-build/CMakeFiles/lvgl_examples.dir/examples/widgets/bar/lv_example_bar_6.c.o
[ 64%] Building C object _deps/lvgl-build/CMakeFiles/lvgl_examples.dir/examples/widgets/bar/lv_example_bar_7.c.o
[ 65%] Building C object _deps/lvgl-build/CMakeFiles/lvgl_examples.dir/examples/widgets/button/lv_example_button_1.c.o
[ 65%] Building C object _deps/lvgl-build/CMakeFiles/lvgl_examples.dir/examples/widgets/button/lv_example_button_2.c.o
[ 65%] Building C object _deps/lvgl-build/CMakeFiles/lvgl_examples.dir/examples/widgets/button/lv_example_button_3.c.o
[ 65%] Building C object _deps/lvgl-build/CMakeFiles/lvgl_examples.dir/examples/widgets/buttonmatrix/lv_example_buttonmatrix_1.c.o
[ 65%] Building C object _deps/lvgl-build/CMakeFiles/lvgl_examples.dir/examples/widgets/buttonmatrix/lv_example_buttonmatrix_2.c.o
[ 65%] Building C object _deps/lvgl-build/CMakeFiles/lvgl_examples.dir/examples/widgets/buttonmatrix/lv_example_buttonmatrix_3.c.o
[ 65%] Building C object _deps/lvgl-build/CMakeFiles/lvgl_examples.dir/examples/widgets/calendar/lv_example_calendar_1.c.o
[ 66%] Building C object _deps/lvgl-build/CMakeFiles/lvgl_examples.dir/examples/widgets/canvas/lv_example_canvas_1.c.o
[ 66%] Building C object _deps/lvgl-build/CMakeFiles/lvgl_examples.dir/examples/widgets/canvas/lv_example_canvas_2.c.o
[ 66%] Building C object _deps/lvgl-build/CMakeFiles/lvgl_examples.dir/examples/widgets/canvas/lv_example_canvas_3.c.o
[ 66%] Building C object _deps/lvgl-build/CMakeFiles/lvgl_examples.dir/examples/widgets/canvas/lv_example_canvas_4.c.o
[ 66%] Building C object _deps/lvgl-build/CMakeFiles/lvgl_examples.dir/examples/widgets/canvas/lv_example_canvas_5.c.o
[ 66%] Building C object _deps/lvgl-build/CMakeFiles/lvgl_examples.dir/examples/widgets/canvas/lv_example_canvas_6.c.o
[ 66%] Building C object _deps/lvgl-build/CMakeFiles/lvgl_examples.dir/examples/widgets/canvas/lv_example_canvas_7.c.o
[ 66%] Building C object _deps/lvgl-build/CMakeFiles/lvgl_examples.dir/examples/widgets/canvas/lv_example_canvas_8.c.o
[ 67%] Building C object _deps/lvgl-build/CMakeFiles/lvgl_examples.dir/examples/widgets/chart/lv_example_chart_1.c.o
[ 67%] Building C object _deps/lvgl-build/CMakeFiles/lvgl_examples.dir/examples/widgets/chart/lv_example_chart_2.c.o
[ 67%] Building C object _deps/lvgl-build/CMakeFiles/lvgl_examples.dir/examples/widgets/chart/lv_example_chart_3.c.o
[ 67%] Building C object _deps/lvgl-build/CMakeFiles/lvgl_examples.dir/examples/widgets/chart/lv_example_chart_4.c.o
[ 67%] Building C object _deps/lvgl-build/CMakeFiles/lvgl_examples.dir/examples/widgets/chart/lv_example_chart_5.c.o
[ 67%] Building C object _deps/lvgl-build/CMakeFiles/lvgl_examples.dir/examples/widgets/chart/lv_example_chart_6.c.o
[ 67%] Building C object _deps/lvgl-build/CMakeFiles/lvgl_examples.dir/examples/widgets/chart/lv_example_chart_7.c.o
[ 68%] Building C object _deps/lvgl-build/CMakeFiles/lvgl_examples.dir/examples/widgets/chart/lv_example_chart_8.c.o
[ 68%] Building C object _deps/lvgl-build/CMakeFiles/lvgl_examples.dir/examples/widgets/checkbox/lv_example_checkbox_1.c.o
[ 68%] Building C object _deps/lvgl-build/CMakeFiles/lvgl_examples.dir/examples/widgets/checkbox/lv_example_checkbox_2.c.o
[ 68%] Building C object _deps/lvgl-build/CMakeFiles/lvgl_examples.dir/examples/widgets/dropdown/lv_example_dropdown_1.c.o
[ 68%] Building C object _deps/lvgl-build/CMakeFiles/lvgl_examples.dir/examples/widgets/dropdown/lv_example_dropdown_2.c.o
[ 68%] Building C object _deps/lvgl-build/CMakeFiles/lvgl_examples.dir/examples/widgets/dropdown/lv_example_dropdown_3.c.o
[ 68%] Building C object _deps/lvgl-build/CMakeFiles/lvgl_examples.dir/examples/widgets/image/lv_example_image_1.c.o
[ 69%] Building C object _deps/lvgl-build/CMakeFiles/lvgl_examples.dir/examples/widgets/image/lv_example_image_2.c.o
[ 69%] Building C object _deps/lvgl-build/CMakeFiles/lvgl_examples.dir/examples/widgets/image/lv_example_image_3.c.o
[ 69%] Building C object _deps/lvgl-build/CMakeFiles/lvgl_examples.dir/examples/widgets/image/lv_example_image_4.c.o
[ 69%] Building C object _deps/lvgl-build/CMakeFiles/lvgl_examples.dir/examples/widgets/imagebutton/lv_example_imagebutton_1.c.o
[ 69%] Building C object _deps/lvgl-build/CMakeFiles/lvgl_examples.dir/examples/widgets/keyboard/lv_example_keyboard_1.c.o
[ 69%] Building C object _deps/lvgl-build/CMakeFiles/lvgl_examples.dir/examples/widgets/keyboard/lv_example_keyboard_2.c.o
[ 69%] Building C object _deps/lvgl-build/CMakeFiles/lvgl_examples.dir/examples/widgets/label/lv_example_label_1.c.o
[ 70%] Building C object _deps/lvgl-build/CMakeFiles/lvgl_examples.dir/examples/widgets/label/lv_example_label_2.c.o
[ 70%] Building C object _deps/lvgl-build/CMakeFiles/lvgl_examples.dir/examples/widgets/label/lv_example_label_3.c.o
[ 70%] Building C object _deps/lvgl-build/CMakeFiles/lvgl_examples.dir/examples/widgets/label/lv_example_label_4.c.o
[ 70%] Building C object _deps/lvgl-build/CMakeFiles/lvgl_examples.dir/examples/widgets/label/lv_example_label_5.c.o
[ 70%] Building C object _deps/lvgl-build/CMakeFiles/lvgl_examples.dir/examples/widgets/led/lv_example_led_1.c.o
[ 70%] Building C object _deps/lvgl-build/CMakeFiles/lvgl_examples.dir/examples/widgets/line/lv_example_line_1.c.o
[ 70%] Building C object _deps/lvgl-build/CMakeFiles/lvgl_examples.dir/examples/widgets/list/lv_example_list_1.c.o
[ 71%] Building C object _deps/lvgl-build/CMakeFiles/lvgl_examples.dir/examples/widgets/list/lv_example_list_2.c.o
[ 71%] Building C object _deps/lvgl-build/CMakeFiles/lvgl_examples.dir/examples/widgets/menu/lv_example_menu_1.c.o
[ 71%] Building C object _deps/lvgl-build/CMakeFiles/lvgl_examples.dir/examples/widgets/menu/lv_example_menu_2.c.o
[ 71%] Building C object _deps/lvgl-build/CMakeFiles/lvgl_examples.dir/examples/widgets/menu/lv_example_menu_3.c.o
[ 71%] Building C object _deps/lvgl-build/CMakeFiles/lvgl_examples.dir/examples/widgets/menu/lv_example_menu_4.c.o
[ 71%] Building C object _deps/lvgl-build/CMakeFiles/lvgl_examples.dir/examples/widgets/menu/lv_example_menu_5.c.o
[ 71%] Building C object _deps/lvgl-build/CMakeFiles/lvgl_examples.dir/examples/widgets/msgbox/lv_example_msgbox_1.c.o
[ 71%] Building C object _deps/lvgl-build/CMakeFiles/lvgl_examples.dir/examples/widgets/obj/lv_example_obj_1.c.o
[ 72%] Building C object _deps/lvgl-build/CMakeFiles/lvgl_examples.dir/examples/widgets/obj/lv_example_obj_2.c.o
[ 72%] Building C object _deps/lvgl-build/CMakeFiles/lvgl_examples.dir/examples/widgets/roller/lv_example_roller_1.c.o
[ 72%] Building C object _deps/lvgl-build/CMakeFiles/lvgl_examples.dir/examples/widgets/roller/lv_example_roller_2.c.o
[ 72%] Building C object _deps/lvgl-build/CMakeFiles/lvgl_examples.dir/examples/widgets/roller/lv_example_roller_3.c.o
[ 72%] Building C object _deps/lvgl-build/CMakeFiles/lvgl_examples.dir/examples/widgets/scale/lv_example_scale_1.c.o
[ 72%] Building C object _deps/lvgl-build/CMakeFiles/lvgl_examples.dir/examples/widgets/scale/lv_example_scale_2.c.o
[ 72%] Building C object _deps/lvgl-build/CMakeFiles/lvgl_examples.dir/examples/widgets/scale/lv_example_scale_3.c.o
[ 73%] Building C object _deps/lvgl-build/CMakeFiles/lvgl_examples.dir/examples/widgets/scale/lv_example_scale_4.c.o
[ 73%] Building C object _deps/lvgl-build/CMakeFiles/lvgl_examples.dir/examples/widgets/scale/lv_example_scale_5.c.o
[ 73%] Building C object _deps/lvgl-build/CMakeFiles/lvgl_examples.dir/examples/widgets/slider/lv_example_slider_1.c.o
[ 73%] Building C object _deps/lvgl-build/CMakeFiles/lvgl_examples.dir/examples/widgets/slider/lv_example_slider_2.c.o
[ 73%] Building C object _deps/lvgl-build/CMakeFiles/lvgl_examples.dir/examples/widgets/slider/lv_example_slider_3.c.o
[ 73%] Building C object _deps/lvgl-build/CMakeFiles/lvgl_examples.dir/examples/widgets/slider/lv_example_slider_4.c.o
[ 73%] Building C object _deps/lvgl-build/CMakeFiles/lvgl_examples.dir/examples/widgets/span/lv_example_span_1.c.o
[ 74%] Building C object _deps/lvgl-build/CMakeFiles/lvgl_examples.dir/examples/widgets/spinbox/lv_example_spinbox_1.c.o
[ 74%] Building C object _deps/lvgl-build/CMakeFiles/lvgl_examples.dir/examples/widgets/spinner/lv_example_spinner_1.c.o
[ 74%] Building C object _deps/lvgl-build/CMakeFiles/lvgl_examples.dir/examples/widgets/switch/lv_example_switch_1.c.o
[ 74%] Building C object _deps/lvgl-build/CMakeFiles/lvgl_examples.dir/examples/widgets/table/lv_example_table_1.c.o
[ 74%] Building C object _deps/lvgl-build/CMakeFiles/lvgl_examples.dir/examples/widgets/table/lv_example_table_2.c.o
[ 74%] Building C object _deps/lvgl-build/CMakeFiles/lvgl_examples.dir/examples/widgets/tabview/lv_example_tabview_1.c.o
[ 74%] Building C object _deps/lvgl-build/CMakeFiles/lvgl_examples.dir/examples/widgets/tabview/lv_example_tabview_2.c.o
[ 75%] Building C object _deps/lvgl-build/CMakeFiles/lvgl_examples.dir/examples/widgets/textarea/lv_example_textarea_1.c.o
[ 75%] Building C object _deps/lvgl-build/CMakeFiles/lvgl_examples.dir/examples/widgets/textarea/lv_example_textarea_2.c.o
[ 75%] Building C object _deps/lvgl-build/CMakeFiles/lvgl_examples.dir/examples/widgets/textarea/lv_example_textarea_3.c.o
[ 75%] Building C object _deps/lvgl-build/CMakeFiles/lvgl_examples.dir/examples/widgets/tileview/lv_example_tileview_1.c.o
[ 75%] Building C object _deps/lvgl-build/CMakeFiles/lvgl_examples.dir/examples/widgets/win/lv_example_win_1.c.o
[ 75%] Linking C static library ../../lib/liblvgl_examples.a
[ 75%] Built target lvgl_examples
[ 75%] Building C object _deps/lvgl-build/CMakeFiles/lvgl_demos.dir/demos/benchmark/assets/img_benchmark_cogwheel_alpha256.c.o
[ 75%] Building C object _deps/lvgl-build/CMakeFiles/lvgl_demos.dir/demos/benchmark/assets/img_benchmark_cogwheel_argb.c.o
[ 75%] Building C object _deps/lvgl-build/CMakeFiles/lvgl_demos.dir/demos/benchmark/assets/img_benchmark_cogwheel_indexed16.c.o
[ 75%] Building C object _deps/lvgl-build/CMakeFiles/lvgl_demos.dir/demos/benchmark/assets/img_benchmark_cogwheel_rgb.c.o
[ 76%] Building C object _deps/lvgl-build/CMakeFiles/lvgl_demos.dir/demos/benchmark/assets/lv_font_benchmark_montserrat_12_compr_az.c.c.o
[ 76%] Building C object _deps/lvgl-build/CMakeFiles/lvgl_demos.dir/demos/benchmark/assets/lv_font_benchmark_montserrat_16_compr_az.c.c.o
[ 76%] Building C object _deps/lvgl-build/CMakeFiles/lvgl_demos.dir/demos/benchmark/assets/lv_font_benchmark_montserrat_28_compr_az.c.c.o
[ 76%] Building C object _deps/lvgl-build/CMakeFiles/lvgl_demos.dir/demos/benchmark/lv_demo_benchmark.c.o
[ 76%] Building C object _deps/lvgl-build/CMakeFiles/lvgl_demos.dir/demos/flex_layout/lv_demo_flex_layout_ctrl_pad.c.o
[ 76%] Building C object _deps/lvgl-build/CMakeFiles/lvgl_demos.dir/demos/flex_layout/lv_demo_flex_layout_flex_loader.c.o
[ 76%] Building C object _deps/lvgl-build/CMakeFiles/lvgl_demos.dir/demos/flex_layout/lv_demo_flex_layout_main.c.o
[ 77%] Building C object _deps/lvgl-build/CMakeFiles/lvgl_demos.dir/demos/flex_layout/lv_demo_flex_layout_view.c.o
[ 77%] Building C object _deps/lvgl-build/CMakeFiles/lvgl_demos.dir/demos/flex_layout/lv_demo_flex_layout_view_child_node.c.o
[ 77%] Building C object _deps/lvgl-build/CMakeFiles/lvgl_demos.dir/demos/flex_layout/lv_demo_flex_layout_view_ctrl_pad.c.o
[ 77%] Building C object _deps/lvgl-build/CMakeFiles/lvgl_demos.dir/demos/keypad_encoder/lv_demo_keypad_encoder.c.o
[ 77%] Building C object _deps/lvgl-build/CMakeFiles/lvgl_demos.dir/demos/lv_demos.c.o
[ 77%] Building C object _deps/lvgl-build/CMakeFiles/lvgl_demos.dir/demos/multilang/assets/avatars/img_multilang_avatar_1.c.o
[ 77%] Building C object _deps/lvgl-build/CMakeFiles/lvgl_demos.dir/demos/multilang/assets/avatars/img_multilang_avatar_10.c.o
[ 77%] Building C object _deps/lvgl-build/CMakeFiles/lvgl_demos.dir/demos/multilang/assets/avatars/img_multilang_avatar_11.c.o
[ 78%] Building C object _deps/lvgl-build/CMakeFiles/lvgl_demos.dir/demos/multilang/assets/avatars/img_multilang_avatar_12.c.o
[ 78%] Building C object _deps/lvgl-build/CMakeFiles/lvgl_demos.dir/demos/multilang/assets/avatars/img_multilang_avatar_13.c.o
[ 78%] Building C object _deps/lvgl-build/CMakeFiles/lvgl_demos.dir/demos/multilang/assets/avatars/img_multilang_avatar_14.c.o
[ 78%] Building C object _deps/lvgl-build/CMakeFiles/lvgl_demos.dir/demos/multilang/assets/avatars/img_multilang_avatar_15.c.o
[ 78%] Building C object _deps/lvgl-build/CMakeFiles/lvgl_demos.dir/demos/multilang/assets/avatars/img_multilang_avatar_16.c.o
[ 78%] Building C object _deps/lvgl-build/CMakeFiles/lvgl_demos.dir/demos/multilang/assets/avatars/img_multilang_avatar_17.c.o
[ 78%] Building C object _deps/lvgl-build/CMakeFiles/lvgl_demos.dir/demos/multilang/assets/avatars/img_multilang_avatar_18.c.o
[ 79%] Building C object _deps/lvgl-build/CMakeFiles/lvgl_demos.dir/demos/multilang/assets/avatars/img_multilang_avatar_19.c.o
[ 79%] Building C object _deps/lvgl-build/CMakeFiles/lvgl_demos.dir/demos/multilang/assets/avatars/img_multilang_avatar_2.c.o
[ 79%] Building C object _deps/lvgl-build/CMakeFiles/lvgl_demos.dir/demos/multilang/assets/avatars/img_multilang_avatar_22.c.o
[ 79%] Building C object _deps/lvgl-build/CMakeFiles/lvgl_demos.dir/demos/multilang/assets/avatars/img_multilang_avatar_25.c.o
[ 79%] Building C object _deps/lvgl-build/CMakeFiles/lvgl_demos.dir/demos/multilang/assets/avatars/img_multilang_avatar_3.c.o
[ 79%] Building C object _deps/lvgl-build/CMakeFiles/lvgl_demos.dir/demos/multilang/assets/avatars/img_multilang_avatar_4.c.o
[ 79%] Building C object _deps/lvgl-build/CMakeFiles/lvgl_demos.dir/demos/multilang/assets/avatars/img_multilang_avatar_5.c.o
[ 80%] Building C object _deps/lvgl-build/CMakeFiles/lvgl_demos.dir/demos/multilang/assets/avatars/img_multilang_avatar_6.c.o
[ 80%] Building C object _deps/lvgl-build/CMakeFiles/lvgl_demos.dir/demos/multilang/assets/avatars/img_multilang_avatar_7.c.o
[ 80%] Building C object _deps/lvgl-build/CMakeFiles/lvgl_demos.dir/demos/multilang/assets/avatars/img_multilang_avatar_8.c.o
[ 80%] Building C object _deps/lvgl-build/CMakeFiles/lvgl_demos.dir/demos/multilang/assets/avatars/img_multilang_avatar_9.c.o
[ 80%] Building C object _deps/lvgl-build/CMakeFiles/lvgl_demos.dir/demos/multilang/assets/emojis/img_emoji_artist_palette.c.o
[ 80%] Building C object _deps/lvgl-build/CMakeFiles/lvgl_demos.dir/demos/multilang/assets/emojis/img_emoji_books.c.o
[ 80%] Building C object _deps/lvgl-build/CMakeFiles/lvgl_demos.dir/demos/multilang/assets/emojis/img_emoji_camera_with_flash.c.o
[ 81%] Building C object _deps/lvgl-build/CMakeFiles/lvgl_demos.dir/demos/multilang/assets/emojis/img_emoji_cat_face.c.o
[ 81%] Building C object _deps/lvgl-build/CMakeFiles/lvgl_demos.dir/demos/multilang/assets/emojis/img_emoji_deciduous_tree.c.o
[ 81%] Building C object _deps/lvgl-build/CMakeFiles/lvgl_demos.dir/demos/multilang/assets/emojis/img_emoji_dog_face.c.o
[ 81%] Building C object _deps/lvgl-build/CMakeFiles/lvgl_demos.dir/demos/multilang/assets/emojis/img_emoji_earth_globe_europe_africa.c.o
[ 81%] Building C object _deps/lvgl-build/CMakeFiles/lvgl_demos.dir/demos/multilang/assets/emojis/img_emoji_flexed_biceps.c.o
[ 81%] Building C object _deps/lvgl-build/CMakeFiles/lvgl_demos.dir/demos/multilang/assets/emojis/img_emoji_movie_camera.c.o
[ 81%] Building C object _deps/lvgl-build/CMakeFiles/lvgl_demos.dir/demos/multilang/assets/emojis/img_emoji_red_heart.c.o
[ 82%] Building C object _deps/lvgl-build/CMakeFiles/lvgl_demos.dir/demos/multilang/assets/emojis/img_emoji_rocket.c.o
[ 82%] Building C object _deps/lvgl-build/CMakeFiles/lvgl_demos.dir/demos/multilang/assets/emojis/img_emoji_soccer_ball.c.o
[ 82%] Building C object _deps/lvgl-build/CMakeFiles/lvgl_demos.dir/demos/multilang/assets/fonts/font_multilang_large.c.o
[ 82%] Building C object _deps/lvgl-build/CMakeFiles/lvgl_demos.dir/demos/multilang/assets/fonts/font_multilang_small.c.o
[ 82%] Building C object _deps/lvgl-build/CMakeFiles/lvgl_demos.dir/demos/multilang/assets/img_multilang_like.c.o
[ 82%] Building C object _deps/lvgl-build/CMakeFiles/lvgl_demos.dir/demos/multilang/lv_demo_multilang.c.o
[ 82%] Building C object _deps/lvgl-build/CMakeFiles/lvgl_demos.dir/demos/music/assets/img_lv_demo_music_btn_corner_large.c.o
[ 82%] Building C object _deps/lvgl-build/CMakeFiles/lvgl_demos.dir/demos/music/assets/img_lv_demo_music_btn_list_pause.c.o
[ 83%] Building C object _deps/lvgl-build/CMakeFiles/lvgl_demos.dir/demos/music/assets/img_lv_demo_music_btn_list_pause_large.c.o
[ 83%] Building C object _deps/lvgl-build/CMakeFiles/lvgl_demos.dir/demos/music/assets/img_lv_demo_music_btn_list_play.c.o
[ 83%] Building C object _deps/lvgl-build/CMakeFiles/lvgl_demos.dir/demos/music/assets/img_lv_demo_music_btn_list_play_large.c.o
[ 83%] Building C object _deps/lvgl-build/CMakeFiles/lvgl_demos.dir/demos/music/assets/img_lv_demo_music_btn_loop.c.o
[ 83%] Building C object _deps/lvgl-build/CMakeFiles/lvgl_demos.dir/demos/music/assets/img_lv_demo_music_btn_loop_large.c.o
[ 83%] Building C object _deps/lvgl-build/CMakeFiles/lvgl_demos.dir/demos/music/assets/img_lv_demo_music_btn_next.c.o
[ 83%] Building C object _deps/lvgl-build/CMakeFiles/lvgl_demos.dir/demos/music/assets/img_lv_demo_music_btn_next_large.c.o
[ 84%] Building C object _deps/lvgl-build/CMakeFiles/lvgl_demos.dir/demos/music/assets/img_lv_demo_music_btn_pause.c.o
[ 84%] Building C object _deps/lvgl-build/CMakeFiles/lvgl_demos.dir/demos/music/assets/img_lv_demo_music_btn_pause_large.c.o
[ 84%] Building C object _deps/lvgl-build/CMakeFiles/lvgl_demos.dir/demos/music/assets/img_lv_demo_music_btn_play.c.o
[ 84%] Building C object _deps/lvgl-build/CMakeFiles/lvgl_demos.dir/demos/music/assets/img_lv_demo_music_btn_play_large.c.o
[ 84%] Building C object _deps/lvgl-build/CMakeFiles/lvgl_demos.dir/demos/music/assets/img_lv_demo_music_btn_prev.c.o
[ 84%] Building C object _deps/lvgl-build/CMakeFiles/lvgl_demos.dir/demos/music/assets/img_lv_demo_music_btn_prev_large.c.o
[ 84%] Building C object _deps/lvgl-build/CMakeFiles/lvgl_demos.dir/demos/music/assets/img_lv_demo_music_btn_rnd.c.o
[ 85%] Building C object _deps/lvgl-build/CMakeFiles/lvgl_demos.dir/demos/music/assets/img_lv_demo_music_btn_rnd_large.c.o
[ 85%] Building C object _deps/lvgl-build/CMakeFiles/lvgl_demos.dir/demos/music/assets/img_lv_demo_music_corner_left.c.o
[ 85%] Building C object _deps/lvgl-build/CMakeFiles/lvgl_demos.dir/demos/music/assets/img_lv_demo_music_corner_left_large.c.o
[ 85%] Building C object _deps/lvgl-build/CMakeFiles/lvgl_demos.dir/demos/music/assets/img_lv_demo_music_corner_right.c.o
[ 85%] Building C object _deps/lvgl-build/CMakeFiles/lvgl_demos.dir/demos/music/assets/img_lv_demo_music_corner_right_large.c.o
[ 85%] Building C object _deps/lvgl-build/CMakeFiles/lvgl_demos.dir/demos/music/assets/img_lv_demo_music_cover_1.c.o
[ 85%] Building C object _deps/lvgl-build/CMakeFiles/lvgl_demos.dir/demos/music/assets/img_lv_demo_music_cover_1_large.c.o
[ 86%] Building C object _deps/lvgl-build/CMakeFiles/lvgl_demos.dir/demos/music/assets/img_lv_demo_music_cover_2.c.o
[ 86%] Building C object _deps/lvgl-build/CMakeFiles/lvgl_demos.dir/demos/music/assets/img_lv_demo_music_cover_2_large.c.o
[ 86%] Building C object _deps/lvgl-build/CMakeFiles/lvgl_demos.dir/demos/music/assets/img_lv_demo_music_cover_3.c.o
[ 86%] Building C object _deps/lvgl-build/CMakeFiles/lvgl_demos.dir/demos/music/assets/img_lv_demo_music_cover_3_large.c.o
[ 86%] Building C object _deps/lvgl-build/CMakeFiles/lvgl_demos.dir/demos/music/assets/img_lv_demo_music_icon_1.c.o
[ 86%] Building C object _deps/lvgl-build/CMakeFiles/lvgl_demos.dir/demos/music/assets/img_lv_demo_music_icon_1_large.c.o
[ 86%] Building C object _deps/lvgl-build/CMakeFiles/lvgl_demos.dir/demos/music/assets/img_lv_demo_music_icon_2.c.o
[ 87%] Building C object _deps/lvgl-build/CMakeFiles/lvgl_demos.dir/demos/music/assets/img_lv_demo_music_icon_2_large.c.o
[ 87%] Building C object _deps/lvgl-build/CMakeFiles/lvgl_demos.dir/demos/music/assets/img_lv_demo_music_icon_3.c.o
[ 87%] Building C object _deps/lvgl-build/CMakeFiles/lvgl_demos.dir/demos/music/assets/img_lv_demo_music_icon_3_large.c.o
[ 87%] Building C object _deps/lvgl-build/CMakeFiles/lvgl_demos.dir/demos/music/assets/img_lv_demo_music_icon_4.c.o
[ 87%] Building C object _deps/lvgl-build/CMakeFiles/lvgl_demos.dir/demos/music/assets/img_lv_demo_music_icon_4_large.c.o
[ 87%] Building C object _deps/lvgl-build/CMakeFiles/lvgl_demos.dir/demos/music/assets/img_lv_demo_music_list_border.c.o
[ 87%] Building C object _deps/lvgl-build/CMakeFiles/lvgl_demos.dir/demos/music/assets/img_lv_demo_music_list_border_large.c.o
[ 88%] Building C object _deps/lvgl-build/CMakeFiles/lvgl_demos.dir/demos/music/assets/img_lv_demo_music_logo.c.o
[ 88%] Building C object _deps/lvgl-build/CMakeFiles/lvgl_demos.dir/demos/music/assets/img_lv_demo_music_slider_knob.c.o
[ 88%] Building C object _deps/lvgl-build/CMakeFiles/lvgl_demos.dir/demos/music/assets/img_lv_demo_music_slider_knob_large.c.o
[ 88%] Building C object _deps/lvgl-build/CMakeFiles/lvgl_demos.dir/demos/music/assets/img_lv_demo_music_wave_bottom.c.o
[ 88%] Building C object _deps/lvgl-build/CMakeFiles/lvgl_demos.dir/demos/music/assets/img_lv_demo_music_wave_bottom_large.c.o
[ 88%] Building C object _deps/lvgl-build/CMakeFiles/lvgl_demos.dir/demos/music/assets/img_lv_demo_music_wave_top.c.o
[ 88%] Building C object _deps/lvgl-build/CMakeFiles/lvgl_demos.dir/demos/music/assets/img_lv_demo_music_wave_top_large.c.o
[ 88%] Building C object _deps/lvgl-build/CMakeFiles/lvgl_demos.dir/demos/music/lv_demo_music.c.o
[ 89%] Building C object _deps/lvgl-build/CMakeFiles/lvgl_demos.dir/demos/music/lv_demo_music_list.c.o
[ 89%] Building C object _deps/lvgl-build/CMakeFiles/lvgl_demos.dir/demos/music/lv_demo_music_main.c.o
[ 89%] Building C object _deps/lvgl-build/CMakeFiles/lvgl_demos.dir/demos/render/assets/img_render_arc_bg.c.o
[ 89%] Building C object _deps/lvgl-build/CMakeFiles/lvgl_demos.dir/demos/render/assets/img_render_lvgl_logo_argb8888.c.o
[ 89%] Building C object _deps/lvgl-build/CMakeFiles/lvgl_demos.dir/demos/render/assets/img_render_lvgl_logo_rgb565.c.o
[ 89%] Building C object _deps/lvgl-build/CMakeFiles/lvgl_demos.dir/demos/render/assets/img_render_lvgl_logo_rgb888.c.o
[ 89%] Building C object _deps/lvgl-build/CMakeFiles/lvgl_demos.dir/demos/render/assets/img_render_lvgl_logo_xrgb8888.c.o
[ 90%] Building C object _deps/lvgl-build/CMakeFiles/lvgl_demos.dir/demos/render/lv_demo_render.c.o
[ 90%] Building C object _deps/lvgl-build/CMakeFiles/lvgl_demos.dir/demos/scroll/lv_demo_scroll.c.o
[ 90%] Building C object _deps/lvgl-build/CMakeFiles/lvgl_demos.dir/demos/stress/lv_demo_stress.c.o
[ 90%] Building C object _deps/lvgl-build/CMakeFiles/lvgl_demos.dir/demos/transform/assets/img_transform_avatar_15.c.o
[ 90%] Building C object _deps/lvgl-build/CMakeFiles/lvgl_demos.dir/demos/transform/lv_demo_transform.c.o
[ 90%] Building C object _deps/lvgl-build/CMakeFiles/lvgl_demos.dir/demos/vector_graphic/assets/img_demo_vector_avatar.c.o
[ 90%] Building C object _deps/lvgl-build/CMakeFiles/lvgl_demos.dir/demos/vector_graphic/lv_demo_vector_graphic.c.o
[ 91%] Building C object _deps/lvgl-build/CMakeFiles/lvgl_demos.dir/demos/widgets/assets/img_clothes.c.o
[ 91%] Building C object _deps/lvgl-build/CMakeFiles/lvgl_demos.dir/demos/widgets/assets/img_demo_widgets_avatar.c.o
[ 91%] Building C object _deps/lvgl-build/CMakeFiles/lvgl_demos.dir/demos/widgets/assets/img_demo_widgets_needle.c.o
[ 91%] Building C object _deps/lvgl-build/CMakeFiles/lvgl_demos.dir/demos/widgets/assets/img_lvgl_logo.c.o
[ 91%] Building C object _deps/lvgl-build/CMakeFiles/lvgl_demos.dir/demos/widgets/lv_demo_widgets.c.o
[ 91%] Linking C static library ../../lib/liblvgl_demos.a
[ 91%] Built target lvgl_demos
[ 91%] Building ASM object boards/rp2040/pico-sdk/src/rp2040/boot_stage2/CMakeFiles/bs2_default.dir/compile_time_choice.S.o
/home/sophos/pico/pico-sdk/src/rp2040/boot_stage2/boot2_w25q080.S: Assembler messages:
/home/sophos/pico/pico-sdk/src/rp2040/boot_stage2/boot2_w25q080.S:13: Error: unknown pseudo-op: `.syntax'
/home/sophos/pico/pico-sdk/src/rp2040/boot_stage2/boot2_w25q080.S:89:  Info: macro invoked from here
/home/sophos/pico/pico-sdk/src/rp2040/boot_stage2/boot2_w25q080.S:14: Error: unknown pseudo-op: `.cpu'
/home/sophos/pico/pico-sdk/src/rp2040/boot_stage2/boot2_w25q080.S:89:  Info: macro invoked from here
/home/sophos/pico/pico-sdk/src/rp2040/boot_stage2/boot2_w25q080.S:15: Error: unknown pseudo-op: `.thumb'
/home/sophos/pico/pico-sdk/src/rp2040/boot_stage2/boot2_w25q080.S:89:  Info: macro invoked from here
/home/sophos/pico/pico-sdk/src/rp2040/boot_stage2/boot2_w25q080.S:22: Error: unknown pseudo-op: `.thumb_func'
/home/sophos/pico/pico-sdk/src/rp2040/boot_stage2/boot2_w25q080.S:100:  Info: macro invoked from here
/home/sophos/pico/pico-sdk/src/rp2040/boot_stage2/boot2_w25q080.S:101: Error: invalid char '{' beginning operand 1 `{lr}'
/home/sophos/pico/pico-sdk/src/rp2040/boot_stage2/boot2_w25q080.S:107: Error: no such instruction: `ldr r3,=0x40020000'
/home/sophos/pico/pico-sdk/src/rp2040/boot_stage2/boot2_w25q080.S:108: Warning: `r0' is not valid here (expected `(%rsi)')
/home/sophos/pico/pico-sdk/src/rp2040/boot_stage2/boot2_w25q080.S:108: Error: expecting operand after ','; got nothing
/home/sophos/pico/pico-sdk/src/rp2040/boot_stage2/boot2_w25q080.S:109: Error: missing ']'
/home/sophos/pico/pico-sdk/src/rp2040/boot_stage2/boot2_w25q080.S:109: Error: expecting operand after ','; got nothing
/home/sophos/pico/pico-sdk/src/rp2040/boot_stage2/boot2_w25q080.S:110: Error: no such instruction: `ldr r0,[r3,'
/home/sophos/pico/pico-sdk/src/rp2040/boot_stage2/boot2_w25q080.S:111: Warning: `r1' is not valid here (expected `(%rsi)')
/home/sophos/pico/pico-sdk/src/rp2040/boot_stage2/boot2_w25q080.S:111: Error: expecting operand after ','; got nothing
/home/sophos/pico/pico-sdk/src/rp2040/boot_stage2/boot2_w25q080.S:112: Error: no such instruction: `bics r0,r1'
/home/sophos/pico/pico-sdk/src/rp2040/boot_stage2/boot2_w25q080.S:113: Error: missing ']'
/home/sophos/pico/pico-sdk/src/rp2040/boot_stage2/boot2_w25q080.S:113: Error: expecting operand after ','; got nothing
/home/sophos/pico/pico-sdk/src/rp2040/boot_stage2/boot2_w25q080.S:114: Error: missing ']'
/home/sophos/pico/pico-sdk/src/rp2040/boot_stage2/boot2_w25q080.S:114: Error: expecting operand after ','; got nothing
/home/sophos/pico/pico-sdk/src/rp2040/boot_stage2/boot2_w25q080.S:115: Error: missing ']'
/home/sophos/pico/pico-sdk/src/rp2040/boot_stage2/boot2_w25q080.S:115: Error: expecting operand after ','; got nothing
/home/sophos/pico/pico-sdk/src/rp2040/boot_stage2/boot2_w25q080.S:116: Error: missing ']'
/home/sophos/pico/pico-sdk/src/rp2040/boot_stage2/boot2_w25q080.S:116: Error: expecting operand after ','; got nothing
/home/sophos/pico/pico-sdk/src/rp2040/boot_stage2/boot2_w25q080.S:118: Error: no such instruction: `ldr r3,=0x18000000'
/home/sophos/pico/pico-sdk/src/rp2040/boot_stage2/boot2_w25q080.S:121: Warning: `r1' is not valid here (expected `(%rsi)')
/home/sophos/pico/pico-sdk/src/rp2040/boot_stage2/boot2_w25q080.S:121: Error: expecting operand after ','; got nothing
/home/sophos/pico/pico-sdk/src/rp2040/boot_stage2/boot2_w25q080.S:122: Error: missing ']'
/home/sophos/pico/pico-sdk/src/rp2040/boot_stage2/boot2_w25q080.S:122: Error: expecting operand after ','; got nothing
/home/sophos/pico/pico-sdk/src/rp2040/boot_stage2/boot2_w25q080.S:125: Warning: `r1' is not valid here (expected `(%rsi)')
/home/sophos/pico/pico-sdk/src/rp2040/boot_stage2/boot2_w25q080.S:125: Error: expecting operand after ','; got nothing
/home/sophos/pico/pico-sdk/src/rp2040/boot_stage2/boot2_w25q080.S:126: Error: missing ']'
/home/sophos/pico/pico-sdk/src/rp2040/boot_stage2/boot2_w25q080.S:126: Error: expecting operand after ','; got nothing
/home/sophos/pico/pico-sdk/src/rp2040/boot_stage2/boot2_w25q080.S:134: Warning: `r1' is not valid here (expected `(%rsi)')
/home/sophos/pico/pico-sdk/src/rp2040/boot_stage2/boot2_w25q080.S:134: Error: expecting operand after ','; got nothing
/home/sophos/pico/pico-sdk/src/rp2040/boot_stage2/boot2_w25q080.S:135: Warning: `r2' is not valid here (expected `(%rsi)')
/home/sophos/pico/pico-sdk/src/rp2040/boot_stage2/boot2_w25q080.S:135: Error: expecting operand after ','; got nothing
/home/sophos/pico/pico-sdk/src/rp2040/boot_stage2/boot2_w25q080.S:136: Error: missing ']'
/home/sophos/pico/pico-sdk/src/rp2040/boot_stage2/boot2_w25q080.S:136: Error: too many memory references for `str'
/home/sophos/pico/pico-sdk/src/rp2040/boot_stage2/boot2_w25q080.S:147: Error: no such instruction: `ldr r1,=((7<<16)|(0x0<<8))'
/home/sophos/pico/pico-sdk/src/rp2040/boot_stage2/boot2_w25q080.S:148: Error: missing ']'
/home/sophos/pico/pico-sdk/src/rp2040/boot_stage2/boot2_w25q080.S:148: Error: expecting operand after ','; got nothing
/home/sophos/pico/pico-sdk/src/rp2040/boot_stage2/boot2_w25q080.S:151: Warning: `r1' is not valid here (expected `(%rsi)')
/home/sophos/pico/pico-sdk/src/rp2040/boot_stage2/boot2_w25q080.S:151: Error: expecting operand after ','; got nothing
/home/sophos/pico/pico-sdk/src/rp2040/boot_stage2/boot2_w25q080.S:152: Error: missing ']'
/home/sophos/pico/pico-sdk/src/rp2040/boot_stage2/boot2_w25q080.S:152: Error: expecting operand after ','; got nothing
/home/sophos/pico/pico-sdk/src/rp2040/boot_stage2/boot2_w25q080.S:155: Warning: `r0' is not valid here (expected `(%rsi)')
/home/sophos/pico/pico-sdk/src/rp2040/boot_stage2/boot2_w25q080.S:155: Error: expecting operand after ','; got nothing
/home/sophos/pico/pico-sdk/src/rp2040/boot_stage2/boot2_w25q080.S:156: Error: no such instruction: `bl read_flash_sreg'
/home/sophos/pico/pico-sdk/src/rp2040/boot_stage2/boot2_w25q080.S:157: Warning: `r2' is not valid here (expected `(%rsi)')
/home/sophos/pico/pico-sdk/src/rp2040/boot_stage2/boot2_w25q080.S:157: Error: expecting operand after ','; got nothing
/home/sophos/pico/pico-sdk/src/rp2040/boot_stage2/boot2_w25q080.S:158: Error: operand type mismatch for `cmp'
/home/sophos/pico/pico-sdk/src/rp2040/boot_stage2/boot2_w25q080.S:159: Error: no such instruction: `beq skip_sreg_programming'
/home/sophos/pico/pico-sdk/src/rp2040/boot_stage2/boot2_w25q080.S:162: Warning: `r1' is not valid here (expected `(%rsi)')
/home/sophos/pico/pico-sdk/src/rp2040/boot_stage2/boot2_w25q080.S:162: Error: expecting operand after ','; got nothing
/home/sophos/pico/pico-sdk/src/rp2040/boot_stage2/boot2_w25q080.S:163: Error: missing ']'
/home/sophos/pico/pico-sdk/src/rp2040/boot_stage2/boot2_w25q080.S:163: Error: expecting operand after ','; got nothing
/home/sophos/pico/pico-sdk/src/rp2040/boot_stage2/boot2_w25q080.S:166: Error: no such instruction: `bl wait_ssi_ready'
/home/sophos/pico/pico-sdk/src/rp2040/boot_stage2/boot2_w25q080.S:167: Error: no such instruction: `ldr r1,[r3,'
/home/sophos/pico/pico-sdk/src/rp2040/boot_stage2/boot2_w25q080.S:170: Warning: `r1' is not valid here (expected `(%rsi)')
/home/sophos/pico/pico-sdk/src/rp2040/boot_stage2/boot2_w25q080.S:170: Error: expecting operand after ','; got nothing
/home/sophos/pico/pico-sdk/src/rp2040/boot_stage2/boot2_w25q080.S:171: Error: missing ']'
/home/sophos/pico/pico-sdk/src/rp2040/boot_stage2/boot2_w25q080.S:171: Error: expecting operand after ','; got nothing
/home/sophos/pico/pico-sdk/src/rp2040/boot_stage2/boot2_w25q080.S:172: Warning: `r0' is not valid here (expected `(%rsi)')
/home/sophos/pico/pico-sdk/src/rp2040/boot_stage2/boot2_w25q080.S:172: Error: expecting operand after ','; got nothing
/home/sophos/pico/pico-sdk/src/rp2040/boot_stage2/boot2_w25q080.S:173: Error: missing ']'
/home/sophos/pico/pico-sdk/src/rp2040/boot_stage2/boot2_w25q080.S:173: Error: expecting operand after ','; got nothing
/home/sophos/pico/pico-sdk/src/rp2040/boot_stage2/boot2_w25q080.S:174: Error: missing ']'
/home/sophos/pico/pico-sdk/src/rp2040/boot_stage2/boot2_w25q080.S:174: Error: expecting operand after ','; got nothing
/home/sophos/pico/pico-sdk/src/rp2040/boot_stage2/boot2_w25q080.S:176: Error: no such instruction: `bl wait_ssi_ready'
/home/sophos/pico/pico-sdk/src/rp2040/boot_stage2/boot2_w25q080.S:177: Error: no such instruction: `ldr r1,[r3,'
/home/sophos/pico/pico-sdk/src/rp2040/boot_stage2/boot2_w25q080.S:178: Error: no such instruction: `ldr r1,[r3,'
/home/sophos/pico/pico-sdk/src/rp2040/boot_stage2/boot2_w25q080.S:179: Error: no such instruction: `ldr r1,[r3,'
/home/sophos/pico/pico-sdk/src/rp2040/boot_stage2/boot2_w25q080.S:183: Warning: `r0' is not valid here (expected `(%rsi)')
/home/sophos/pico/pico-sdk/src/rp2040/boot_stage2/boot2_w25q080.S:183: Error: expecting operand after ','; got nothing
/home/sophos/pico/pico-sdk/src/rp2040/boot_stage2/boot2_w25q080.S:184: Error: no such instruction: `bl read_flash_sreg'
/home/sophos/pico/pico-sdk/src/rp2040/boot_stage2/boot2_w25q080.S:185: Warning: `r1' is not valid here (expected `(%rsi)')
/home/sophos/pico/pico-sdk/src/rp2040/boot_stage2/boot2_w25q080.S:185: Error: expecting operand after ','; got nothing
/home/sophos/pico/pico-sdk/src/rp2040/boot_stage2/boot2_w25q080.S:186: Error: no such instruction: `tst r0,r1'
/home/sophos/pico/pico-sdk/src/rp2040/boot_stage2/boot2_w25q080.S:187: Error: no such instruction: `bne 1b'
/home/sophos/pico/pico-sdk/src/rp2040/boot_stage2/boot2_w25q080.S:192: Warning: `r1' is not valid here (expected `(%rsi)')
/home/sophos/pico/pico-sdk/src/rp2040/boot_stage2/boot2_w25q080.S:192: Error: expecting operand after ','; got nothing
/home/sophos/pico/pico-sdk/src/rp2040/boot_stage2/boot2_w25q080.S:193: Error: missing ']'
/home/sophos/pico/pico-sdk/src/rp2040/boot_stage2/boot2_w25q080.S:193: Error: expecting operand after ','; got nothing
/home/sophos/pico/pico-sdk/src/rp2040/boot_stage2/boot2_w25q080.S:210: Error: no such instruction: `ldr r1,=((0x2<<21)|(31<<16)|(0x3<<8))'
/home/sophos/pico/pico-sdk/src/rp2040/boot_stage2/boot2_w25q080.S:211: Error: missing ']'
/home/sophos/pico/pico-sdk/src/rp2040/boot_stage2/boot2_w25q080.S:211: Error: expecting operand after ','; got nothing
/home/sophos/pico/pico-sdk/src/rp2040/boot_stage2/boot2_w25q080.S:213: Warning: `r1' is not valid here (expected `(%rsi)')
/home/sophos/pico/pico-sdk/src/rp2040/boot_stage2/boot2_w25q080.S:213: Error: expecting operand after ','; got nothing
/home/sophos/pico/pico-sdk/src/rp2040/boot_stage2/boot2_w25q080.S:214: Error: missing ']'
/home/sophos/pico/pico-sdk/src/rp2040/boot_stage2/boot2_w25q080.S:214: Error: expecting operand after ','; got nothing
/home/sophos/pico/pico-sdk/src/rp2040/boot_stage2/boot2_w25q080.S:224: Error: no such instruction: `ldr r1,=((8<<2)|(4<<11)|(0x2<<8)|(0x1<<0))'
/home/sophos/pico/pico-sdk/src/rp2040/boot_stage2/boot2_w25q080.S:225: Error: no such instruction: `ldr r0,=(0x18000000+0x000000f4)'
/home/sophos/pico/pico-sdk/src/rp2040/boot_stage2/boot2_w25q080.S:226: Error: number of operands mismatch for `str'
/home/sophos/pico/pico-sdk/src/rp2040/boot_stage2/boot2_w25q080.S:228: Warning: `r1' is not valid here (expected `(%rsi)')
/home/sophos/pico/pico-sdk/src/rp2040/boot_stage2/boot2_w25q080.S:228: Error: expecting operand after ','; got nothing
/home/sophos/pico/pico-sdk/src/rp2040/boot_stage2/boot2_w25q080.S:229: Error: missing ']'
/home/sophos/pico/pico-sdk/src/rp2040/boot_stage2/boot2_w25q080.S:229: Error: expecting operand after ','; got nothing
/home/sophos/pico/pico-sdk/src/rp2040/boot_stage2/boot2_w25q080.S:231: Warning: `r1' is not valid here (expected `(%rsi)')
/home/sophos/pico/pico-sdk/src/rp2040/boot_stage2/boot2_w25q080.S:231: Error: expecting operand after ','; got nothing
/home/sophos/pico/pico-sdk/src/rp2040/boot_stage2/boot2_w25q080.S:232: Error: missing ']'
/home/sophos/pico/pico-sdk/src/rp2040/boot_stage2/boot2_w25q080.S:232: Error: expecting operand after ','; got nothing
/home/sophos/pico/pico-sdk/src/rp2040/boot_stage2/boot2_w25q080.S:233: Warning: `r1' is not valid here (expected `(%rsi)')
/home/sophos/pico/pico-sdk/src/rp2040/boot_stage2/boot2_w25q080.S:233: Error: expecting operand after ','; got nothing
/home/sophos/pico/pico-sdk/src/rp2040/boot_stage2/boot2_w25q080.S:234: Error: missing ']'
/home/sophos/pico/pico-sdk/src/rp2040/boot_stage2/boot2_w25q080.S:234: Error: expecting operand after ','; got nothing
/home/sophos/pico/pico-sdk/src/rp2040/boot_stage2/boot2_w25q080.S:237: Error: no such instruction: `bl wait_ssi_ready'
/home/sophos/pico/pico-sdk/src/rp2040/boot_stage2/boot2_w25q080.S:243: Warning: `r1' is not valid here (expected `(%rsi)')
/home/sophos/pico/pico-sdk/src/rp2040/boot_stage2/boot2_w25q080.S:243: Error: expecting operand after ','; got nothing
/home/sophos/pico/pico-sdk/src/rp2040/boot_stage2/boot2_w25q080.S:244: Error: missing ']'
/home/sophos/pico/pico-sdk/src/rp2040/boot_stage2/boot2_w25q080.S:244: Error: expecting operand after ','; got nothing
/home/sophos/pico/pico-sdk/src/rp2040/boot_stage2/boot2_w25q080.S:261: Error: no such instruction: `ldr r1,=((0xa0<<24)|(8<<2)|(4<<11)|(0x0<<8)|(0x2<<0))'
/home/sophos/pico/pico-sdk/src/rp2040/boot_stage2/boot2_w25q080.S:262: Error: no such instruction: `ldr r0,=(0x18000000+0x000000f4)'
/home/sophos/pico/pico-sdk/src/rp2040/boot_stage2/boot2_w25q080.S:263: Error: number of operands mismatch for `str'
/home/sophos/pico/pico-sdk/src/rp2040/boot_stage2/boot2_w25q080.S:265: Warning: `r1' is not valid here (expected `(%rsi)')
/home/sophos/pico/pico-sdk/src/rp2040/boot_stage2/boot2_w25q080.S:265: Error: expecting operand after ','; got nothing
/home/sophos/pico/pico-sdk/src/rp2040/boot_stage2/boot2_w25q080.S:266: Error: missing ']'
/home/sophos/pico/pico-sdk/src/rp2040/boot_stage2/boot2_w25q080.S:266: Error: expecting operand after ','; got nothing
/home/sophos/pico/pico-sdk/src/rp2040/boot_stage2/asminclude/boot2_helpers/exit_from_boot2.S:16: Error: invalid char '{' beginning operand 1 `{r0}'
/home/sophos/pico/pico-sdk/src/rp2040/boot_stage2/asminclude/boot2_helpers/exit_from_boot2.S:17: Error: expecting operand after ','; got nothing
/home/sophos/pico/pico-sdk/src/rp2040/boot_stage2/asminclude/boot2_helpers/exit_from_boot2.S:18: Error: no such instruction: `beq vector_into_flash'
/home/sophos/pico/pico-sdk/src/rp2040/boot_stage2/asminclude/boot2_helpers/exit_from_boot2.S:19: Error: no such instruction: `bx r0'
/home/sophos/pico/pico-sdk/src/rp2040/boot_stage2/asminclude/boot2_helpers/exit_from_boot2.S:21: Error: no such instruction: `ldr r0,=(0x10000000+0x100)'
/home/sophos/pico/pico-sdk/src/rp2040/boot_stage2/asminclude/boot2_helpers/exit_from_boot2.S:22: Error: no such instruction: `ldr r1,=(0xe0000000+0x0000ed08)'
/home/sophos/pico/pico-sdk/src/rp2040/boot_stage2/asminclude/boot2_helpers/exit_from_boot2.S:23: Error: number of operands mismatch for `str'
/home/sophos/pico/pico-sdk/src/rp2040/boot_stage2/asminclude/boot2_helpers/exit_from_boot2.S:24: Error: no such instruction: `ldmia r0,{r0,r1}'
/home/sophos/pico/pico-sdk/src/rp2040/boot_stage2/asminclude/boot2_helpers/exit_from_boot2.S:25: Error: no such instruction: `msr msp,r0'
/home/sophos/pico/pico-sdk/src/rp2040/boot_stage2/asminclude/boot2_helpers/exit_from_boot2.S:26: Error: no such instruction: `bx r1'
/home/sophos/pico/pico-sdk/src/rp2040/boot_stage2/asminclude/boot2_helpers/wait_ssi_ready.S:11: Error: invalid char '{' beginning operand 1 `{r0'
/home/sophos/pico/pico-sdk/src/rp2040/boot_stage2/asminclude/boot2_helpers/wait_ssi_ready.S:16: Error: no such instruction: `ldr r1,[r3,'
/home/sophos/pico/pico-sdk/src/rp2040/boot_stage2/asminclude/boot2_helpers/wait_ssi_ready.S:17: Warning: `r0' is not valid here (expected `(%rsi)')
/home/sophos/pico/pico-sdk/src/rp2040/boot_stage2/asminclude/boot2_helpers/wait_ssi_ready.S:17: Error: expecting operand after ','; got nothing
/home/sophos/pico/pico-sdk/src/rp2040/boot_stage2/asminclude/boot2_helpers/wait_ssi_ready.S:18: Error: no such instruction: `tst r1,r0'
/home/sophos/pico/pico-sdk/src/rp2040/boot_stage2/asminclude/boot2_helpers/wait_ssi_ready.S:19: Error: no such instruction: `beq 1b'
/home/sophos/pico/pico-sdk/src/rp2040/boot_stage2/asminclude/boot2_helpers/wait_ssi_ready.S:20: Warning: `r0' is not valid here (expected `(%rsi)')
/home/sophos/pico/pico-sdk/src/rp2040/boot_stage2/asminclude/boot2_helpers/wait_ssi_ready.S:20: Error: expecting operand after ','; got nothing
/home/sophos/pico/pico-sdk/src/rp2040/boot_stage2/asminclude/boot2_helpers/wait_ssi_ready.S:21: Error: no such instruction: `tst r1,r0'
/home/sophos/pico/pico-sdk/src/rp2040/boot_stage2/asminclude/boot2_helpers/wait_ssi_ready.S:22: Error: no such instruction: `bne 1b'
/home/sophos/pico/pico-sdk/src/rp2040/boot_stage2/asminclude/boot2_helpers/wait_ssi_ready.S:24: Error: invalid char '{' beginning operand 1 `{r0'
/home/sophos/pico/pico-sdk/src/rp2040/boot_stage2/asminclude/boot2_helpers/read_flash_sreg.S:16: Error: unknown pseudo-op: `.thumb_func'
/home/sophos/pico/pico-sdk/src/rp2040/boot_stage2/asminclude/boot2_helpers/read_flash_sreg.S:18: Error: invalid char '{' beginning operand 1 `{r1'
/home/sophos/pico/pico-sdk/src/rp2040/boot_stage2/asminclude/boot2_helpers/read_flash_sreg.S:19: Error: missing ']'
/home/sophos/pico/pico-sdk/src/rp2040/boot_stage2/asminclude/boot2_helpers/read_flash_sreg.S:19: Error: expecting operand after ','; got nothing
/home/sophos/pico/pico-sdk/src/rp2040/boot_stage2/asminclude/boot2_helpers/read_flash_sreg.S:21: Error: missing ']'
/home/sophos/pico/pico-sdk/src/rp2040/boot_stage2/asminclude/boot2_helpers/read_flash_sreg.S:21: Error: expecting operand after ','; got nothing
/home/sophos/pico/pico-sdk/src/rp2040/boot_stage2/asminclude/boot2_helpers/read_flash_sreg.S:23: Error: no such instruction: `bl wait_ssi_ready'
/home/sophos/pico/pico-sdk/src/rp2040/boot_stage2/asminclude/boot2_helpers/read_flash_sreg.S:25: Error: no such instruction: `ldr r0,[r3,'
/home/sophos/pico/pico-sdk/src/rp2040/boot_stage2/asminclude/boot2_helpers/read_flash_sreg.S:26: Error: no such instruction: `ldr r0,[r3,'
/home/sophos/pico/pico-sdk/src/rp2040/boot_stage2/asminclude/boot2_helpers/read_flash_sreg.S:28: Error: invalid char '{' beginning operand 1 `{r1'
/home/sophos/pico/pico-sdk/src/rp2040/boot_stage2/boot2_w25q080.S:282: Error: unknown pseudo-op: `.ltorg'
make[2]: *** [boards/rp2040/pico-sdk/src/rp2040/boot_stage2/CMakeFiles/bs2_default.dir/build.make:78: boards/rp2040/pico-sdk/src/rp2040/boot_stage2/CMakeFiles/bs2_default.dir/compile_time_choice.S.o] Error 1
make[1]: *** [CMakeFiles/Makefile2:2587: boards/rp2040/pico-sdk/src/rp2040/boot_stage2/CMakeFiles/bs2_default.dir/all] Error 2
make: *** [Makefile:136: all] Error 2
